[www.fluttuo.com/index.html]
[backblue.gif]
[fade.gif]
[index.html]
[www.fluttuo.com/wp-content/themes/fluttuo2/img/favicon.ico]
[www.fluttuo.com/wp-content/themes/fluttuo2/style.css]
[www.fluttuo.com/wp-includes/js/jquery/jquery-migrate.min1576.js]
[www.fluttuo.com/wp-content/themes/fluttuo2/js/vendors/es5-shim.mind387.js]
[www.fluttuo.com/wp-includes/js/jquery/jquery3e5a.js]
[www.fluttuo.com/wp-content/themes/fluttuo2/js/vendors/jquery.easing.1.3d387.js]
[www.fluttuo.com/wp-content/themes/fluttuo2/js/vendors/jquery.flexslider-modifiedd387.js]
[www.fluttuo.com/wp-content/themes/fluttuo2/js/startupd387.js]
[www.fluttuo.com/wp-content/themes/fluttuo2/js/maind387.js]
[www.fluttuo.com/wp-content/themes/fluttuo2/js/screend387.js]
[www.fluttuo.com/wp-content/themes/fluttuo2/js/scroll-navd387.js]
[www.fluttuo.com/wp-content/themes/fluttuo2/js/sectionsd387.js]
[www.fluttuo.com/wp-content/themes/fluttuo2/js/paralaxd387.js]
[www.fluttuo.com/wp-content/themes/fluttuo2/js/videod387.js]
[www.fluttuo.com/wp-content/themes/fluttuo2/js/formd387.js]
[www.fluttuo.com/wp-content/themes/fluttuo2/js/loaderd387.js]
[www.fluttuo.com/wp-content/uploads/2013/11/menu-home11.png]
[www.fluttuo.com/wp-content/uploads/2013/11/menu-manifesto11.png]
[www.fluttuo.com/wp-content/uploads/2013/11/menu-traugott11.png]
[www.fluttuo.com/wp-content/uploads/2013/11/menu-freely11.png]
[www.fluttuo.com/wp-content/uploads/2013/11/menu-nuance11.png]
[www.fluttuo.com/wp-content/uploads/2013/11/menu-about11.png]
[www.fluttuo.com/wp-content/uploads/2013/11/menu-subscribe11.png]
[www.fluttuo.com/wp-content/themes/fluttuo2/img/menu-shop.png]
[www.fluttuo.com/wp-content/uploads/2013/11/Fluttuo_Made-Once-Only_TagLine_Big1.png]
[www.fluttuo.com/wp-content/uploads/2013/11/Fluttuo_Made-Once-Only_TagLine_Small1.png]
[www.fluttuo.com/wp-content/uploads/2013/11/Fluttuo_Made-Once-Only_Traugott-Collection-011.png]
[www.fluttuo.com/wp-content/uploads/2013/11/Fluttuo_Made-Once-Only_Traugott-Collection-021.png]
[www.fluttuo.com/wp-content/uploads/2013/11/Fluttuo_Made-Once-Only_Traugott-Collection-03.png]
[www.fluttuo.com/wp-content/uploads/2013/11/Fluttuo_Made-Once-Only_Traugott-Collection-041.png]
[www.fluttuo.com/wp-content/uploads/2013/11/Fluttuo_Made-Once-Only_Traugott-Collection-051.png]
[www.fluttuo.com/wp-content/uploads/2013/11/Fluttuo_Made-Once-Only_Traugott-Collection-061.png]
[www.fluttuo.com/wp-content/uploads/2013/11/Fluttuo_Made-Once-Only_Manifesto_Background_mini.jpg]
[www.fluttuo.com/wp-content/uploads/2013/11/Fluttuo_Made-Once-Only_Video_Button_Default.png]
[www.fluttuo.com/wp-content/uploads/2013/11/Fluttuo_Made-Once-Only_Video_Button_Hover4.png]
[www.fluttuo.com/wp-content/uploads/2013/11/Fluttuo_Made-Once-Only_Video_Button_Default_Mobile.png]
[www.fluttuo.com/wp-content/uploads/2013/11/Fluttuo_Made-Once-Only_Video_Button_Hover_Mobile.png]
[www.fluttuo.com/wp-content/uploads/2013/11/Fluttuo_Made-Once-Only_Traugott-Collection_Cover_mini.jpg]
[www.fluttuo.com/wp-content/uploads/2013/11/IMG_0036_Sito_v2.jpg]
[www.fluttuo.com/wp-content/uploads/2013/11/IMG_0027_Sito_v2.jpg]
[www.fluttuo.com/wp-content/uploads/2013/11/IMG_0045_Sito_v2.jpg]
[www.fluttuo.com/wp-content/uploads/2013/11/IMG_0096_Sito_v2.jpg]
[www.fluttuo.com/wp-content/uploads/2013/11/IMG_0157_Sito_v2.jpg]
[www.fluttuo.com/wp-content/uploads/2013/11/IMG_0050_Sito_v2.jpg]
[www.fluttuo.com/wp-content/uploads/2013/11/IMG_0066_Sito_v2.jpg]
[www.fluttuo.com/wp-content/uploads/2013/11/IMG_0041_Sito_v2.jpg]
[www.fluttuo.com/wp-content/uploads/2013/11/IMG_0071_Sito_v2.jpg]
[www.fluttuo.com/wp-content/uploads/2013/11/Fluttuo_Made-Once-Only_Freely-Collection_Cover_Web_mini.jpg]
[www.fluttuo.com/wp-content/uploads/2013/11/MG_1615_Crop_Sito_v2-316x420.jpg]
[www.fluttuo.com/wp-content/uploads/2013/11/MG_1543_Crop_Sito_v2.jpg]
[www.fluttuo.com/wp-content/uploads/2013/11/MG_1545_Crop_Sito_v2.jpg]
[www.fluttuo.com/wp-content/uploads/2013/11/MG_2686_Crop_Sito_v2.jpg]
[www.fluttuo.com/wp-content/uploads/2013/11/MG_2684_Crop_Sito_v2.jpg]
[www.fluttuo.com/wp-content/uploads/2013/11/MG_1606_Sito_v2.jpg]
[www.fluttuo.com/wp-content/uploads/2013/11/MG_2678-2681_Crop_Sito_v2.jpg]
[www.fluttuo.com/wp-content/uploads/2013/11/Fluttuo_Made-Once-Only_Nuance-Collection_Cover_mini.jpg]
[www.fluttuo.com/wp-content/uploads/2013/11/MG_1710_Crop_Sito_v2.jpg]
[www.fluttuo.com/wp-content/uploads/2013/11/MG_1703_Crop_Sito_v2.jpg]
[www.fluttuo.com/wp-content/uploads/2013/11/MG_1736_Crop_Sito_v2.jpg]
[www.fluttuo.com/wp-content/uploads/2013/11/MG_1370_Crop_Sito_v2.jpg]
[www.fluttuo.com/wp-content/uploads/2013/11/MG_1355_Crop_Sito_v2.jpg]
[www.fluttuo.com/wp-content/uploads/2013/11/MG_1464_Crop_Sito_v2.jpg]
[www.fluttuo.com/wp-content/uploads/2013/11/MG_1424_Crop_Sito_v2.jpg]
[www.fluttuo.com/wp-content/uploads/2013/11/MG_2692_Crop_Sito_v2.jpg]
[www.fluttuo.com/wp-content/uploads/2013/11/MG_2751_Crop_Sito_v2.jpg]
[www.fluttuo.com/wp-content/uploads/2013/11/Fluttuo_Made-Once-Only_About-Us_mini.jpg]
[www.fluttuo.com/wp-content/themes/fluttuo2/old_notice/index.html]
[www.fluttuo.com/index.html]
[www.fluttuo.com/wp-content/themes/fluttuo2/fnt/modern_no._20-webfont.eot]
[www.fluttuo.com/wp-content/themes/fluttuo2/fnt/modern_no._20-webfont.woff]
[www.fluttuo.com/wp-content/themes/fluttuo2/fnt/modern_no._20-webfont.ttf]
[www.fluttuo.com/wp-content/themes/fluttuo2/fnt/modern_no._20-webfontd41d.eot]
[www.fluttuo.com/wp-content/themes/fluttuo2/fnt/modern_no._20-webfont.svg]
[www.fluttuo.com/wp-content/themes/fluttuo2/img/menu-bg.png]
[www.fluttuo.com/wp-content/themes/fluttuo2/img/menu-bg-h.png]
[www.fluttuo.com/wp-content/themes/fluttuo2/img/icon-shop.png]
[www.fluttuo.com/wp-content/themes/fluttuo2/img/menu-item-bg.png]
[www.fluttuo.com/wp-content/themes/fluttuo2/img/logo.png]
[www.fluttuo.com/wp-content/themes/fluttuo2/img/jewels.png]
[www.fluttuo.com/wp-content/themes/fluttuo2/img/jewels-h.png]
[www.fluttuo.com/wp-content/themes/fluttuo2/img/shop.png]
[www.fluttuo.com/wp-content/themes/fluttuo2/img/shop-h.png]
[www.fluttuo.com/wp-content/themes/fluttuo2/img/logo-m.png]
[www.fluttuo.com/wp-content/themes/fluttuo2/img/jewels-m.png]
[www.fluttuo.com/wp-content/themes/fluttuo2/img/shop-m.png]
[www.fluttuo.com/wp-content/themes/fluttuo2/img/logo2.png]
[www.fluttuo.com/wp-content/themes/fluttuo2/img/icons-video.png]
[www.fluttuo.com/wp-content/themes/fluttuo2/img/logo2-m.png]
[www.fluttuo.com/wp-content/themes/fluttuo2/img/icon-collection.png]
[www.fluttuo.com/wp-content/themes/fluttuo2/img/slider-nav-prev.png]
[www.fluttuo.com/wp-content/themes/fluttuo2/img/slider-nav-prev-h.png]
[www.fluttuo.com/wp-content/themes/fluttuo2/img/slider-nav-next.png]
[www.fluttuo.com/wp-content/themes/fluttuo2/img/slider-nav-next-h.png]
[www.fluttuo.com/wp-content/themes/fluttuo2/img/icon-prod-m.png]
[www.fluttuo.com/wp-content/themes/fluttuo2/img/next-section-d.png]
[www.fluttuo.com/wp-content/themes/fluttuo2/img/icons-social.png]
[www.fluttuo.com/wp-content/themes/fluttuo2/img/icons-social-h.png]
[www.fluttuo.com/wp-content/themes/fluttuo2/img/icons-social-m.png]
[www.fluttuo.com/wp-content/themes/fluttuo2/img/icon-mail.png]
[www.fluttuo.com/wp-content/themes/fluttuo2/img/copy.png]
[www.fluttuo.com/wp-content/themes/fluttuo2/img/copy-h.png]
[www.fluttuo.com/wp-content/themes/fluttuo2/img/icon-ok.png]
[www.fluttuo.com/wp-content/themes/fluttuo2/img/icon-bad.png]
[www.fluttuo.com/wp-content/themes/fluttuo2/img/icon-mail-m.png]
[www.fluttuo.com/wp-content/themes/fluttuo2/img/icon-ok-m.png]
[www.fluttuo.com/wp-content/themes/fluttuo2/img/icon-bad-m.png]
[www.fluttuo.com/wp-content/themes/fluttuo2/img/copy-m.png]
[www.fluttuo.com/wp-content/themes/fluttuo2/img/next-section.png]
[www.fluttuo.com/_tmp/layout/Fluttuo_Rebranding_WebsiteLayout_DEF_Desktop 1200.png]
[www.fluttuo.com/wp-content/themes/fluttuo2/img/icon-back.png]
[www.fluttuo.com/wp-content/themes/fluttuo2/img/icon-next-sect.png]
[www.fluttuo.com/wp-content/themes/fluttuo2/style.css]
[www.fluttuo.com/wp-content/themes/fluttuo2/old_notice/index.html]
[www.fluttuo.com/wp-content/themes/fluttuo2/fnt/modern_no._20-webfont.svg]
[www.fluttuo.com/_tmp/layout/Fluttuo_Rebranding_WebsiteLayout_DEF_Desktop 1200.html]
[www.fluttuo.com/wp-content/uploads/2013/11/IMG_0145_Sito_v2.jpg]
